============================= test session starts =============================
platform win32 -- Python 3.10.11, pytest-9.0.1, pluggy-1.6.0 -- C:\Users\PainGZ\AppData\Local\Programs\Python\Python310\python.exe
cachedir: .pytest_cache
rootdir: E:\GitHub\Trader\PainTrader
plugins: asyncio-1.3.0, cov-7.0.0
asyncio: mode=strict, debug=False, asyncio_default_fixture_loop_scope=None, asyncio_default_test_loop_scope=function
collecting ... collected 4 items

tests/test_deployment_paths.py::test_utils_paths PASSED                  [ 25%]
tests/test_deployment_paths.py::test_config_loader_paths FAILED          [ 50%]
tests/test_deployment_paths.py::test_logger_file_creation PASSED         [ 75%]
tests/test_deployment_paths.py::test_database_connection_path FAILED     [100%]

================================== FAILURES ===================================
__________________________ test_config_loader_paths ___________________________

mock_app_data = WindowsPath('C:/Users/PainGZ/AppData/Local/Temp/pytest-of-PainGZ/pytest-24/test_config_loader_paths0/MockAppData')

    def test_config_loader_paths(mock_app_data):
        """
        Verify that ConfigLoader uses the correct AppData path for DB_PATH by default.
        """
        reset_singletons()
    
        # Ensure no env var overrides DB_PATH
        with patch.dict(os.environ, {}, clear=True):
            # Restore essential env vars if needed, but for this test we want clean slate for DB_PATH
            # We need to keep APPDATA if on windows, which mock_app_data fixture handles via outer patch?
            # The mock_app_data fixture uses patch.dict on os.environ.
            # Nesting patch.dict might be tricky. Let's just unset DB_PATH specifically.
            if "DB_PATH" in os.environ:
                del os.environ["DB_PATH"]
    
>           config = ConfigLoader()

tests\test_deployment_paths.py:86: 
_ _ _ _ _ _ _ _ _ _ _ _ _ _ _ _ _ _ _ _ _ _ _ _ _ _ _ _ _ _ _ _ _ _ _ _ _ _ _ _
core\config.py:19: in __new__
    cls._instance._initialize()
core\config.py:36: in _initialize
    self._config['DB_PATH'] = get_db_path()
core\utils.py:31: in get_db_path
    return os.path.join(get_app_data_dir(app_name), db_name)
core\utils.py:17: in get_app_data_dir
    app_dir = os.path.join(base_path, app_name)
_ _ _ _ _ _ _ _ _ _ _ _ _ _ _ _ _ _ _ _ _ _ _ _ _ _ _ _ _ _ _ _ _ _ _ _ _ _ _ _

path = None, paths = ('PainTrader',)

    def join(path, *paths):
>       path = os.fspath(path)
E       TypeError: expected str, bytes or os.PathLike object, not NoneType

C:\Users\PainGZ\AppData\Local\Programs\Python\Python310\lib\ntpath.py:104: TypeError
________________________ test_database_connection_path ________________________

mock_app_data = WindowsPath('C:/Users/PainGZ/AppData/Local/Temp/pytest-of-PainGZ/pytest-24/test_database_connection_path0/MockAppData')

    @pytest.mark.asyncio
    async def test_database_connection_path(mock_app_data):
        """
        Verify that Database connects to the file in AppData.
        """
        reset_singletons()
    
        # Ensure Config is loaded with default paths (pointing to AppData)
        if "DB_PATH" in os.environ:
            del os.environ["DB_PATH"]
    
        ConfigLoader() # Initialize config
    
        db = Database()
        await db.connect()
    
        expected_db_path = get_db_path()
    
        # Check if the file exists
>       assert os.path.exists(expected_db_path)
E       AssertionError: assert False
E        +  where False = <function exists at 0x00000165D6E5AD40>('C:\\Users\\PainGZ\\AppData\\Local\\Temp\\pytest-of-PainGZ\\pytest-24\\test_database_connection_path0\\MockAppData\\PainTrader\\trade.db')
E        +    where <function exists at 0x00000165D6E5AD40> = <module 'ntpath' from 'C:\\Users\\PainGZ\\AppData\\Local\\Programs\\Python\\Python310\\lib\\ntpath.py'>.exists
E        +      where <module 'ntpath' from 'C:\\Users\\PainGZ\\AppData\\Local\\Programs\\Python\\Python310\\lib\\ntpath.py'> = os.path

tests\test_deployment_paths.py:130: AssertionError
---------------------------- Captured stdout call -----------------------------
2025-11-30 19:58:47 | INFO     | Database        | Connected to database: trade.db (WAL Mode)
[32m2025-11-30 19:58:47 | INFO     | Database        | Connected to database: trade.db (WAL Mode)[0m
2025-11-30 19:58:47 | INFO     | Database        | Database tables initialized
[32m2025-11-30 19:58:47 | INFO     | Database        | Database tables initialized[0m
=========================== short test summary info ===========================
FAILED tests/test_deployment_paths.py::test_config_loader_paths - TypeError: ...
FAILED tests/test_deployment_paths.py::test_database_connection_path - Assert...
========================= 2 failed, 2 passed in 0.15s =========================
